// Jest Snapshot v1, https://goo.gl/fbAQLP

exports[`LangSelectorComponent should create 1`] = `
<app-lang-selector
  __ngContext__={[Function LRootView]}
  allCountrys={[Function Array]}
  country={[Function String]}
  filteredCountrys={[Function Array]}
  langService={[Function Object]}
>
  <button
    aria-haspopup="true"
    class="mat-focus-indicator mat-menu-trigger mat-mini-fab mat-button-base mat-primary"
    color="primary"
    mat-mini-fab=""
  >
    <span
      class="mat-button-wrapper"
    >
       NOT RIGHT
    </span>
    <span
      class="mat-ripple mat-button-ripple mat-button-ripple-round"
      matripple=""
    />
    <span
      class="mat-button-focus-overlay"
    />
  </button><mat-menu>
  </mat-menu>
</app-lang-selector>
`;
